Microchip MPLAB XC8 Compiler V1.33 ()

Linker command line:

--edf=C:\Program Files (x86)\Microchip\xc8\v1.33\dat\en_msgs.txt -cs \
  -h+PreMidPrac.sym --cmf=PreMidPrac.cmf -z -Q16F877A \
  -oC:\Users\ivorr\AppData\Local\Temp\sfek.6 -MPreMidPrac.map -E1 -ver=XC8 \
  -ASTACK=0110h-016fh -pstack=STACK -ACONST=00h-0FFhx32 -ACODE=00h-07FFhx4 \
  -ASTRCODE=00h-01FFFh -AENTRY=00h-0FFhx32 -ASTRING=00h-0FFhx32 \
  -ACOMMON=070h-07Fh -ABANK0=020h-06Fh -ABANK1=0A0h-0EFh \
  -ABANK2=0110h-016Fh -ABANK3=0190h-01EFh \
  -ARAM=020h-06Fh,0A0h-0EFh,0110h-016Fh,0190h-01EFh \
  -AABS1=020h-07Fh,0A0h-0EFh,0110h-016Fh,0190h-01EFh -ASFR0=00h-01Fh \
  -ASFR1=080h-09Fh -ASFR2=0100h-010Fh -ASFR3=0180h-018Fh \
  -preset_vec=00h,intentry=04h,init,end_init -ppowerup=CODE -pcinit=CODE \
  -pfunctab=CODE -ACONFIG=02007h-02007h -pconfig=CONFIG -DCONFIG=2 \
  -AIDLOC=02000h-02003h -pidloc=IDLOC -DIDLOC=2 -AEEDATA=00h-0FFh/02100h \
  -peeprom_data=EEDATA -DEEDATA=2 -DCODE=2 -DSTRCODE=2 -DSTRING=2 -DCONST=2 \
  -DENTRY=2 -k startup.obj PreMidPrac.obj 

Object code version is 3.11

Machine type is 16F877A



                Name                               Link     Load   Length Selector   Space Scale
startup.obj     end_init                             12       12        3        8       0
                reset_vec                             0        0        3        0       0
                config                             2007     2007        1     400E       0
PreMidPrac.obj  cinit                                15       15        7        8       0
                intentry                              4        4        E        8       0
                text6                               117      117       2D        8       0
                text5                                E2       E2       35        8       0
                text4                               19D      19D       13        8       0
                text3                               144      144       26        8       0
                text2                               18A      18A       13        8       0
                text1                               16A      16A       20        8       0
                maintext                             1C       1C       C6        8       0
                cstackBANK0                          20       20        B       20       1
                cstackCOMMON                         70       70        7       70       1
                bssCOMMON                            78       78        2       70       1
                bitbssCOMMON                        3B8       77        5       70       1     8

TOTAL           Name                               Link     Load   Length     Space
        CLASS   STACK          

        CLASS   CONST          

        CLASS   CODE           
                end_init                             12       12        3         0
                cinit                                15       15        7         0
                intentry                              4        4        E         0
                reset_vec                             0        0        3         0
                text6                               117      117       2D         0
                text5                                E2       E2       35         0
                text4                               19D      19D       13         0
                text3                               144      144       26         0
                text2                               18A      18A       13         0
                text1                               16A      16A       20         0
                maintext                             1C       1C       C6         0

        CLASS   STRCODE        

        CLASS   ENTRY          

        CLASS   STRING         

        CLASS   COMMON         
                cstackCOMMON                         70       70        7         1
                bssCOMMON                            78       78        2         1
                bitbssCOMMON                        3B8       77        5         1

        CLASS   BANK0          
                cstackBANK0                          20       20        B         1

        CLASS   BANK1          

        CLASS   BANK2          

        CLASS   BANK3          

        CLASS   RAM            

        CLASS   ABS1           
                abs_s1                               7E       7E        2         1

        CLASS   SFR0           

        CLASS   SFR1           

        CLASS   SFR2           

        CLASS   SFR3           

        CLASS   CONFIG         
                config                             2007     2007        1         0

        CLASS   IDLOC          

        CLASS   EEDATA         



SEGMENTS        Name                           Load    Length   Top    Selector   Space  Class     Delta

                reset_vec                      000000  000003  000003         0       0  CODE        2
                intentry                       000004  0001AC  0001B0         8       0  CODE        2
                cstackBANK0                    000020  00000B  00002B        20       1  BANK0       1
                cstackCOMMON                   000070  00000A  00007A        70       1  COMMON      1
                config                         002007  000001  002008      400E       0  CONFIG      2


UNUSED ADDRESS RANGES

        Name                Unused          Largest block    Delta
        BANK0            002B-006F             45           1
        BANK1            00A0-00EF             50           1
        BANK2            0110-016F             60           1
        BANK3            0190-01EF             60           1
        CODE             0003-0003              1           2
                         01B0-1FFF            800
        COMMON           007A-007D              4           1
        CONST            0003-0003              1           2
                         01B0-1FFF            100
        EEDATA           2100-21FF            100           2
        ENTRY            0003-0003              1           2
                         01B0-1FFF            100
        IDLOC            2000-2003              4           2
        RAM              002B-006F             45           1
                         00A0-00EF             50
                         0110-016F             60
                         0190-01EF             60
        SFR0             0000-001F             20           1
        SFR1             0080-009F             20           1
        SFR2             0100-010F             10           1
        SFR3             0180-018F             10           1
        STACK            0110-016F             60           1
        STRCODE          0003-0003              1           2
                         01B0-1FFF           1E50
        STRING           0003-0003              1           2
                         01B0-1FFF            100

                                  Symbol Table

_GIE                     (abs)        005F
_ISR                     text6        0117
_OPTION_REG              (abs)        0081
_PORTC                   (abs)        0007
_PORTD                   (abs)        0008
_RB0                     (abs)        0030
_RB1                     (abs)        0031
_RB2                     (abs)        0032
_RB3                     (abs)        0033
_RB5                     (abs)        0035
_RBIE                    (abs)        005B
_RBIF                    (abs)        0058
_TMR0                    (abs)        0001
_TMR0IE                  (abs)        005D
_TMR0IF                  (abs)        005A
_TRISB                   (abs)        0086
_TRISC                   (abs)        0087
_TRISD                   (abs)        0088
__CFG_BOREN$ON           (abs)        0000
__CFG_CP$OFF             (abs)        0000
__CFG_CPD$OFF            (abs)        0000
__CFG_FOSC$XT            (abs)        0000
__CFG_LVP$OFF            (abs)        0000
__CFG_PWRTE$ON           (abs)        0000
__CFG_WDTE$OFF           (abs)        0000
__CFG_WRT$OFF            (abs)        0000
__Habs1                  abs1         0000
__Hbank0                 bank0        0000
__Hbank1                 bank1        0000
__Hbank2                 bank2        0000
__Hbank3                 bank3        0000
__HbitbssCOMMON          bitbssCOMMON 0000
__HbssCOMMON             bssCOMMON    0000
__Hcinit                 cinit        001C
__Hclrtext               clrtext      0000
__Hcode                  code         0000
__Hcommon                common       0000
__Hconfig                config       2008
__HcstackBANK0           cstackBANK0  0000
__HcstackCOMMON          cstackCOMMON 0000
__Heeprom_data           eeprom_data  0000
__Hend_init              end_init     0015
__Hfunctab               functab      0000
__Hidloc                 idloc        0000
__Hinit                  init         0012
__Hintentry              intentry     0012
__Hmaintext              maintext     0000
__Hpowerup               powerup      0000
__Hram                   ram          0000
__Hreset_vec             reset_vec    0003
__Hsfr0                  sfr0         0000
__Hsfr1                  sfr1         0000
__Hsfr2                  sfr2         0000
__Hsfr3                  sfr3         0000
__Hspace_0               (abs)        2008
__Hspace_1               (abs)        03BD
__Hspace_2               (abs)        0000
__Hspace_3               (abs)        0000
__Hstack                 stack        0000
__Hstrings               strings      0000
__Htext                  text         0000
__Labs1                  abs1         0000
__Lbank0                 bank0        0000
__Lbank1                 bank1        0000
__Lbank2                 bank2        0000
__Lbank3                 bank3        0000
__LbitbssCOMMON          bitbssCOMMON 0000
__LbssCOMMON             bssCOMMON    0000
__Lcinit                 cinit        0015
__Lclrtext               clrtext      0000
__Lcode                  code         0000
__Lcommon                common       0000
__Lconfig                config       2007
__LcstackBANK0           cstackBANK0  0000
__LcstackCOMMON          cstackCOMMON 0000
__Leeprom_data           eeprom_data  0000
__Lend_init              end_init     0012
__Lfunctab               functab      0000
__Lidloc                 idloc        0000
__Linit                  init         0012
__Lintentry              intentry     0004
__Lmaintext              maintext     0000
__Lpowerup               powerup      0000
__Lram                   ram          0000
__Lreset_vec             reset_vec    0000
__Lsfr0                  sfr0         0000
__Lsfr1                  sfr1         0000
__Lsfr2                  sfr2         0000
__Lsfr3                  sfr3         0000
__Lspace_0               (abs)        0000
__Lspace_1               (abs)        0000
__Lspace_2               (abs)        0000
__Lspace_3               (abs)        0000
__Lstack                 stack        0000
__Lstrings               strings      0000
__Ltext                  text         0000
__S0                     (abs)        2008
__S1                     (abs)        007A
__S2                     (abs)        0000
__S3                     (abs)        0000
___int_sp                stack        0000
___latbits               (abs)        0002
___sp                    stack        0000
__end_of_ISR             text6        0144
__end_of__initialization cinit        0018
__end_of_dataCtrl        text2        019D
__end_of_delay1          text5        0117
__end_of_initLCD         text3        016A
__end_of_instCtrl        text4        01B0
__end_of_main            maintext     00E2
__end_of_updateDisplay   text1        018A
__initialization         cinit        0015
__pbitbssCOMMON          bitbssCOMMON 03B8
__pbssCOMMON             bssCOMMON    0078
__pcstackBANK0           cstackBANK0  0020
__pcstackCOMMON          cstackCOMMON 0070
__pintentry              intentry     0004
__pmaintext              maintext     001C
__ptext0                 text0        0000
__ptext1                 text1        016A
__ptext2                 text2        018A
__ptext3                 text3        0144
__ptext4                 text4        019D
__ptext5                 text5        00E2
__ptext6                 text6        0117
__size_of_ISR            (abs)        0000
__size_of_dataCtrl       (abs)        0000
__size_of_delay1         (abs)        0000
__size_of_initLCD        (abs)        0000
__size_of_instCtrl       (abs)        0000
__size_of_main           (abs)        0000
__size_of_updateDisplay  (abs)        0000
_dataCtrl                text2        018A
_delay1                  text5        00E2
_initLCD                 text3        0144
_instCtrl                text4        019D
_isPaused                bitbssCOMMON 03B8
_keypadPressed           bitbssCOMMON 03B9
_main                    maintext     001C
_pausePressed            bitbssCOMMON 03BA
_secondCounter           bssCOMMON    0078
_timer0Overflow          bitbssCOMMON 03BB
_timerStopped            bitbssCOMMON 03BC
_updateDisplay           text1        016A
btemp                    (abs)        007E
dataCtrl@DATA            cstackCOMMON 0076
delay1@MUL               cstackCOMMON 0074
delay1@i                 cstackBANK0  0020
delay1@j                 cstackBANK0  0022
end_of_initialization    cinit        0018
instCtrl@INST            cstackCOMMON 0076
interrupt_function       intentry     0004
intlevel0                functab      0000
intlevel1                functab      0000
intlevel2                functab      0000
intlevel3                functab      0000
intlevel4                functab      0000
intlevel5                functab      0000
ltemp                    (abs)        007E
ltemp0                   (abs)        007E
ltemp1                   (abs)        0082
ltemp2                   (abs)        0086
ltemp3                   (abs)        0080
main@LSB                 cstackBANK0  002A
main@MSB                 cstackBANK0  0029
main@keyData             cstackBANK0  0027
main@mode                cstackBANK0  0028
reset_vec                reset_vec    0000
saved_w                  (abs)        007E
stackhi                  (abs)        0000
stacklo                  (abs)        0000
start                    init         0012
start_initialization     cinit        0015
ttemp                    (abs)        007E
ttemp0                   (abs)        007E
ttemp1                   (abs)        0081
ttemp2                   (abs)        0084
ttemp3                   (abs)        0087
ttemp4                   (abs)        007F
updateDisplay@LSB        cstackBANK0  0024
updateDisplay@MSB        cstackBANK0  0025
wtemp                    (abs)        007E
wtemp0                   (abs)        007E
wtemp1                   (abs)        0080
wtemp2                   (abs)        0082
wtemp3                   (abs)        0084
wtemp4                   (abs)        0086
wtemp5                   (abs)        0088
wtemp6                   (abs)        007F


FUNCTION INFORMATION:

 *************** function _main *****************
 Defined at:
		line 97 in file "C:\Users\ivorr\OneDrive\Documents\abEMBEDDED\PracPreMid\PracPreMid.c"
 Parameters:    Size  Location     Type
		None
 Auto vars:     Size  Location     Type
  LSB             1   10[BANK0 ] unsigned char 
  MSB             1    9[BANK0 ] unsigned char 
  mode            1    8[BANK0 ] unsigned char 
  keyData         1    7[BANK0 ] unsigned char 
 Return value:  Size  Location     Type
		None               void
 Registers used:
		wreg, status,2, status,0, btemp+1, pclath, cstack
 Tracked objects:
		On entry : 
		On exit  : 
		Unchanged: 
 Data sizes:     COMMON   BANK0   BANK1   BANK3   BANK2
      Params:         0       0       0       0       0
      Locals:         0       4       0       0       0
      Temps:          0       1       0       0       0
      Totals:         0       5       0       0       0
Total ram usage:        5 bytes
 Hardware stack levels required when called:    4
 This function calls:
		_delay1
		_initLCD
		_updateDisplay
 This function is called by:
		Startup code after reset
 This function uses a non-reentrant model


 *************** function _updateDisplay *****************
 Defined at:
		line 87 in file "C:\Users\ivorr\OneDrive\Documents\abEMBEDDED\PracPreMid\PracPreMid.c"
 Parameters:    Size  Location     Type
  MSB             1    wreg     unsigned char 
  LSB             1    4[BANK0 ] unsigned char 
 Auto vars:     Size  Location     Type
  MSB             1    5[BANK0 ] unsigned char 
 Return value:  Size  Location     Type
		None               void
 Registers used:
		wreg, status,2, status,0, btemp+1, pclath, cstack
 Tracked objects:
		On entry : 
		On exit  : 
		Unchanged: 
 Data sizes:     COMMON   BANK0   BANK1   BANK3   BANK2
      Params:         0       1       0       0       0
      Locals:         0       1       0       0       0
      Temps:          0       0       0       0       0
      Totals:         0       2       0       0       0
Total ram usage:        2 bytes
 Hardware stack levels used:    1
 Hardware stack levels required when called:    3
 This function calls:
		_dataCtrl
		_instCtrl
 This function is called by:
		_main
 This function uses a non-reentrant model


 *************** function _dataCtrl *****************
 Defined at:
		line 78 in file "C:\Users\ivorr\OneDrive\Documents\abEMBEDDED\PracPreMid\PracPreMid.c"
 Parameters:    Size  Location     Type
  DATA            1    wreg     unsigned char 
 Auto vars:     Size  Location     Type
  DATA            1    6[COMMON] unsigned char 
 Return value:  Size  Location     Type
		None               void
 Registers used:
		wreg, status,2, status,0, btemp+1, pclath, cstack
 Tracked objects:
		On entry : 
		On exit  : 
		Unchanged: 
 Data sizes:     COMMON   BANK0   BANK1   BANK3   BANK2
      Params:         0       0       0       0       0
      Locals:         1       0       0       0       0
      Temps:          0       0       0       0       0
      Totals:         1       0       0       0       0
Total ram usage:        1 bytes
 Hardware stack levels used:    1
 Hardware stack levels required when called:    2
 This function calls:
		_delay1
 This function is called by:
		_updateDisplay
 This function uses a non-reentrant model


 *************** function _initLCD *****************
 Defined at:
		line 69 in file "C:\Users\ivorr\OneDrive\Documents\abEMBEDDED\PracPreMid\PracPreMid.c"
 Parameters:    Size  Location     Type
		None
 Auto vars:     Size  Location     Type
		None
 Return value:  Size  Location     Type
		None               void
 Registers used:
		wreg, status,2, status,0, btemp+1, pclath, cstack
 Tracked objects:
		On entry : 
		On exit  : 
		Unchanged: 
 Data sizes:     COMMON   BANK0   BANK1   BANK3   BANK2
      Params:         0       0       0       0       0
      Locals:         0       0       0       0       0
      Temps:          0       0       0       0       0
      Totals:         0       0       0       0       0
Total ram usage:        0 bytes
 Hardware stack levels used:    1
 Hardware stack levels required when called:    3
 This function calls:
		_delay1
		_instCtrl
 This function is called by:
		_main
 This function uses a non-reentrant model


 *************** function _instCtrl *****************
 Defined at:
		line 60 in file "C:\Users\ivorr\OneDrive\Documents\abEMBEDDED\PracPreMid\PracPreMid.c"
 Parameters:    Size  Location     Type
  INST            1    wreg     unsigned char 
 Auto vars:     Size  Location     Type
  INST            1    6[COMMON] unsigned char 
 Return value:  Size  Location     Type
		None               void
 Registers used:
		wreg, status,2, status,0, btemp+1, pclath, cstack
 Tracked objects:
		On entry : 
		On exit  : 
		Unchanged: 
 Data sizes:     COMMON   BANK0   BANK1   BANK3   BANK2
      Params:         0       0       0       0       0
      Locals:         1       0       0       0       0
      Temps:          0       0       0       0       0
      Totals:         1       0       0       0       0
Total ram usage:        1 bytes
 Hardware stack levels used:    1
 Hardware stack levels required when called:    2
 This function calls:
		_delay1
 This function is called by:
		_initLCD
		_updateDisplay
 This function uses a non-reentrant model


 *************** function _delay1 *****************
 Defined at:
		line 20 in file "C:\Users\ivorr\OneDrive\Documents\abEMBEDDED\PracPreMid\PracPreMid.c"
 Parameters:    Size  Location     Type
  MUL             2    4[COMMON] int 
 Auto vars:     Size  Location     Type
  j               2    2[BANK0 ] int 
  i               2    0[BANK0 ] int 
 Return value:  Size  Location     Type
		None               void
 Registers used:
		wreg, status,2, status,0, btemp+1
 Tracked objects:
		On entry : 
		On exit  : 
		Unchanged: 
 Data sizes:     COMMON   BANK0   BANK1   BANK3   BANK2
      Params:         2       0       0       0       0
      Locals:         0       4       0       0       0
      Temps:          0       0       0       0       0
      Totals:         2       4       0       0       0
Total ram usage:        6 bytes
 Hardware stack levels used:    1
 Hardware stack levels required when called:    1
 This function calls:
		Nothing
 This function is called by:
		_instCtrl
		_initLCD
		_dataCtrl
		_main
 This function uses a non-reentrant model


 *************** function _ISR *****************
 Defined at:
		line 27 in file "C:\Users\ivorr\OneDrive\Documents\abEMBEDDED\PracPreMid\PracPreMid.c"
 Parameters:    Size  Location     Type
		None
 Auto vars:     Size  Location     Type
		None
 Return value:  Size  Location     Type
		None               void
 Registers used:
		wreg, status,2
 Tracked objects:
		On entry : 
		On exit  : 
		Unchanged: 
 Data sizes:     COMMON   BANK0   BANK1   BANK3   BANK2
      Params:         0       0       0       0       0
      Locals:         0       0       0       0       0
      Temps:          4       0       0       0       0
      Totals:         4       0       0       0       0
Total ram usage:        4 bytes
 Hardware stack levels used:    1
 This function calls:
		Nothing
 This function is called by:
		Interrupt level 1
 This function uses a non-reentrant model



MODULE INFORMATION

Module		Function		Class		Link	Load	Size
shared
		__initializatio		CODE           	0015	0000	3

shared estimated size: 3

C:\Users\ivorr\OneDrive\Documents\abEMBEDDED\PracPreMid\PracPreMid.c
		_ISR           		CODE           	0117	0000	45
		_main          		CODE           	001C	0000	198
		_instCtrl      		CODE           	019D	0000	19
		_dataCtrl      		CODE           	018A	0000	19
		_initLCD       		CODE           	0144	0000	38
		_delay1        		CODE           	00E2	0000	53
		_updateDisplay 		CODE           	016A	0000	32

C:\Users\ivorr\OneDrive\Documents\abEMBEDDED\PracPreMid\PracPreMid.c estimated size: 404

